{
    "paired-end reads - stub": {
        "content": [
            {
                "0": [
                    [
                        {
                            "id": "test",
                            "single_end": false
                        },
                        "test_Aligned.sortedByCoord.out.bam:md5,d41d8cd98f00b204e9800998ecf8427e"
                    ]
                ],
                "1": [
                    [
                        {
                            "id": "test",
                            "single_end": false
                        },
                        "test_Aligned.sortedByCoord.out.bam.bai:md5,d41d8cd98f00b204e9800998ecf8427e"
                    ]
                ],
                "2": [
                    [
                        {
                            "id": "test",
                            "single_end": false
                        },
                        "test_Aligned.sortedByCoord.out_chrs.txt:md5,d41d8cd98f00b204e9800998ecf8427e"
                    ]
                ],
                "3": [
                    [
                        {
                            "id": "test",
                            "single_end": false
                        },
                        "test_Log.final.out:md5,d41d8cd98f00b204e9800998ecf8427e"
                    ]
                ],
                "4": [
                    [
                        {
                            "id": "test",
                            "single_end": false
                        },
                        "test_Log.out:md5,d41d8cd98f00b204e9800998ecf8427e"
                    ]
                ],
                "5": [
                    [
                        {
                            "id": "test",
                            "single_end": false
                        },
                        "test_Log.progress.out:md5,d41d8cd98f00b204e9800998ecf8427e"
                    ]
                ],
                "6": [
                    [
                        {
                            "id": "test",
                            "single_end": false
                        },
                        "test_Unmapped.out.mate1:md5,d41d8cd98f00b204e9800998ecf8427e"
                    ]
                ],
                "7": [
                    [
                        {
                            "id": "test",
                            "single_end": false
                        },
                        "test_SJ.out.tab:md5,d41d8cd98f00b204e9800998ecf8427e"
                    ]
                ],
                "SJ": [
                    [
                        {
                            "id": "test",
                            "single_end": false
                        },
                        "test_SJ.out.tab:md5,d41d8cd98f00b204e9800998ecf8427e"
                    ]
                ],
                "bai": [
                    [
                        {
                            "id": "test",
                            "single_end": false
                        },
                        "test_Aligned.sortedByCoord.out.bam.bai:md5,d41d8cd98f00b204e9800998ecf8427e"
                    ]
                ],
                "bam": [
                    [
                        {
                            "id": "test",
                            "single_end": false
                        },
                        "test_Aligned.sortedByCoord.out.bam:md5,d41d8cd98f00b204e9800998ecf8427e"
                    ]
                ],
                "chr": [
                    [
                        {
                            "id": "test",
                            "single_end": false
                        },
                        "test_Aligned.sortedByCoord.out_chrs.txt:md5,d41d8cd98f00b204e9800998ecf8427e"
                    ]
                ],
                "log_final": [
                    [
                        {
                            "id": "test",
                            "single_end": false
                        },
                        "test_Log.final.out:md5,d41d8cd98f00b204e9800998ecf8427e"
                    ]
                ],
                "log_gen": [
                    [
                        {
                            "id": "test",
                            "single_end": false
                        },
                        "test_Log.out:md5,d41d8cd98f00b204e9800998ecf8427e"
                    ]
                ],
                "progress_out": [
                    [
                        {
                            "id": "test",
                            "single_end": false
                        },
                        "test_Log.progress.out:md5,d41d8cd98f00b204e9800998ecf8427e"
                    ]
                ],
                "unmapped_reads": [
                    [
                        {
                            "id": "test",
                            "single_end": false
                        },
                        "test_Unmapped.out.mate1:md5,d41d8cd98f00b204e9800998ecf8427e"
                    ]
                ]
            }
        ],
        "timestamp": "2026-06-17T12:38:37.74525",
        "meta": {
            "nf-test": "0.9.5",
            "nextflow": "26.04.3"
        }
    },
    "single-end reads - stub": {
        "content": [
            {
                "0": [
                    [
                        {
                            "id": "test",
                            "single_end": true
                        },
                        "test_Aligned.sortedByCoord.out.bam:md5,d41d8cd98f00b204e9800998ecf8427e"
                    ]
                ],
                "1": [
                    [
                        {
                            "id": "test",
                            "single_end": true
                        },
                        "test_Aligned.sortedByCoord.out.bam.bai:md5,d41d8cd98f00b204e9800998ecf8427e"
                    ]
                ],
                "2": [
                    [
                        {
                            "id": "test",
                            "single_end": true
                        },
                        "test_Aligned.sortedByCoord.out_chrs.txt:md5,d41d8cd98f00b204e9800998ecf8427e"
                    ]
                ],
                "3": [
                    [
                        {
                            "id": "test",
                            "single_end": true
                        },
                        "test_Log.final.out:md5,d41d8cd98f00b204e9800998ecf8427e"
                    ]
                ],
                "4": [
                    [
                        {
                            "id": "test",
                            "single_end": true
                        },
                        "test_Log.out:md5,d41d8cd98f00b204e9800998ecf8427e"
                    ]
                ],
                "5": [
                    [
                        {
                            "id": "test",
                            "single_end": true
                        },
                        "test_Log.progress.out:md5,d41d8cd98f00b204e9800998ecf8427e"
                    ]
                ],
                "6": [
                    [
                        {
                            "id": "test",
                            "single_end": true
                        },
                        "test_Unmapped.out.mate1:md5,d41d8cd98f00b204e9800998ecf8427e"
                    ]
                ],
                "7": [
                    [
                        {
                            "id": "test",
                            "single_end": true
                        },
                        "test_SJ.out.tab:md5,d41d8cd98f00b204e9800998ecf8427e"
                    ]
                ],
                "SJ": [
                    [
                        {
                            "id": "test",
                            "single_end": true
                        },
                        "test_SJ.out.tab:md5,d41d8cd98f00b204e9800998ecf8427e"
                    ]
                ],
                "bai": [
                    [
                        {
                            "id": "test",
                            "single_end": true
                        },
                        "test_Aligned.sortedByCoord.out.bam.bai:md5,d41d8cd98f00b204e9800998ecf8427e"
                    ]
                ],
                "bam": [
                    [
                        {
                            "id": "test",
                            "single_end": true
                        },
                        "test_Aligned.sortedByCoord.out.bam:md5,d41d8cd98f00b204e9800998ecf8427e"
                    ]
                ],
                "chr": [
                    [
                        {
                            "id": "test",
                            "single_end": true
                        },
                        "test_Aligned.sortedByCoord.out_chrs.txt:md5,d41d8cd98f00b204e9800998ecf8427e"
                    ]
                ],
                "log_final": [
                    [
                        {
                            "id": "test",
                            "single_end": true
                        },
                        "test_Log.final.out:md5,d41d8cd98f00b204e9800998ecf8427e"
                    ]
                ],
                "log_gen": [
                    [
                        {
                            "id": "test",
                            "single_end": true
                        },
                        "test_Log.out:md5,d41d8cd98f00b204e9800998ecf8427e"
                    ]
                ],
                "progress_out": [
                    [
                        {
                            "id": "test",
                            "single_end": true
                        },
                        "test_Log.progress.out:md5,d41d8cd98f00b204e9800998ecf8427e"
                    ]
                ],
                "unmapped_reads": [
                    [
                        {
                            "id": "test",
                            "single_end": true
                        },
                        "test_Unmapped.out.mate1:md5,d41d8cd98f00b204e9800998ecf8427e"
                    ]
                ]
            }
        ],
        "timestamp": "2026-06-17T12:38:44.008379",
        "meta": {
            "nf-test": "0.9.5",
            "nextflow": "26.04.3"
        }
    }
}