{
    "basic - single-end, paired-end, and SRA - stub": {
        "content": [
            [
                "fastqc",
                "fastqc/SAMPLE_PAIRED_END.html",
                "fastqc/SAMPLE_PAIRED_END.zip",
                "fastqc/SAMPLE_SINGLE_END.html",
                "fastqc/SAMPLE_SINGLE_END.zip",
                "fastqc/SAMPLE_SRA.html",
                "fastqc/SAMPLE_SRA.zip",
                "kraken",
                "kraken/SAMPLE_PAIRED_END.k2report",
                "kraken/SAMPLE_SINGLE_END.k2report",
                "kraken/SAMPLE_SRA.k2report",
                "multiqc",
                "multiqc/multiqc_data",
                "multiqc/multiqc_data/.stub",
                "multiqc/multiqc_plots",
                "multiqc/multiqc_plots/.stub",
                "multiqc/multiqc_report.html",
                "pipeline_info",
                "pipeline_info/sepsismetagenomics_software_mqc_versions.yml",
                "sra",
                "sra/SAMPLE_SRA_1.fastq.gz",
                "sra/SAMPLE_SRA_2.fastq.gz",
                "star",
                "star/SAMPLE_PAIRED_END_Aligned.sortedByCoord.out.bam",
                "star/SAMPLE_PAIRED_END_Aligned.sortedByCoord.out.bam.bai",
                "star/SAMPLE_PAIRED_END_Aligned.sortedByCoord.out_chrs.txt",
                "star/SAMPLE_PAIRED_END_Log.final.out",
                "star/SAMPLE_PAIRED_END_Log.out",
                "star/SAMPLE_PAIRED_END_Log.progress.out",
                "star/SAMPLE_PAIRED_END_SJ.out.tab",
                "star/SAMPLE_PAIRED_END_Unmapped.out.mate1",
                "star/SAMPLE_SINGLE_END_Aligned.sortedByCoord.out.bam",
                "star/SAMPLE_SINGLE_END_Aligned.sortedByCoord.out.bam.bai",
                "star/SAMPLE_SINGLE_END_Aligned.sortedByCoord.out_chrs.txt",
                "star/SAMPLE_SINGLE_END_Log.final.out",
                "star/SAMPLE_SINGLE_END_Log.out",
                "star/SAMPLE_SINGLE_END_Log.progress.out",
                "star/SAMPLE_SINGLE_END_SJ.out.tab",
                "star/SAMPLE_SINGLE_END_Unmapped.out.mate1",
                "star/SAMPLE_SRA_Aligned.sortedByCoord.out.bam",
                "star/SAMPLE_SRA_Aligned.sortedByCoord.out.bam.bai",
                "star/SAMPLE_SRA_Aligned.sortedByCoord.out_chrs.txt",
                "star/SAMPLE_SRA_Log.final.out",
                "star/SAMPLE_SRA_Log.out",
                "star/SAMPLE_SRA_Log.progress.out",
                "star/SAMPLE_SRA_SJ.out.tab",
                "star/SAMPLE_SRA_Unmapped.out.mate1"
            ]
        ],
        "timestamp": "2026-06-22T16:54:54.178032",
        "meta": {
            "nf-test": "0.9.5",
            "nextflow": "26.04.3"
        }
    },
    "multi-lane - paired-end and single-end with 4 lanes - stub": {
        "content": [
            [
                "fastqc",
                "fastqc/K003.html",
                "fastqc/K003.zip",
                "fastqc/RS010.html",
                "fastqc/RS010.zip",
                "kraken",
                "kraken/K003.k2report",
                "kraken/RS010.k2report",
                "multiqc",
                "multiqc/multiqc_data",
                "multiqc/multiqc_data/.stub",
                "multiqc/multiqc_plots",
                "multiqc/multiqc_plots/.stub",
                "multiqc/multiqc_report.html",
                "pipeline_info",
                "pipeline_info/sepsismetagenomics_software_mqc_versions.yml",
                "star",
                "star/K003_Aligned.sortedByCoord.out.bam",
                "star/K003_Aligned.sortedByCoord.out.bam.bai",
                "star/K003_Aligned.sortedByCoord.out_chrs.txt",
                "star/K003_Log.final.out",
                "star/K003_Log.out",
                "star/K003_Log.progress.out",
                "star/K003_SJ.out.tab",
                "star/K003_Unmapped.out.mate1",
                "star/RS010_Aligned.sortedByCoord.out.bam",
                "star/RS010_Aligned.sortedByCoord.out.bam.bai",
                "star/RS010_Aligned.sortedByCoord.out_chrs.txt",
                "star/RS010_Log.final.out",
                "star/RS010_Log.out",
                "star/RS010_Log.progress.out",
                "star/RS010_SJ.out.tab",
                "star/RS010_Unmapped.out.mate1"
            ]
        ],
        "timestamp": "2026-06-22T16:55:03.460203",
        "meta": {
            "nf-test": "0.9.5",
            "nextflow": "26.04.3"
        }
    }
}